// Jest Snapshot v1, https://goo.gl/fbAQLP

exports[`Test drow aside should return aside 1`] = `
<aside>
  <h6>
    Levels
  </h6>
  <div
    class="levels-wrapper"
  >
    <button
      class="level-btn completed_help"
      data-level="0"
    >
      Level 1
    </button>
    <button
      class="level-btn active"
      data-level="1"
    >
      Level 2
    </button>
    <button
      class="level-btn completed"
      data-level="2"
    >
      Level 3
    </button>
  </div>
  <button
    class="button"
  >
    Reset progress
  </button>
</aside>
`;
