// Jest Snapshot v1, https://goo.gl/fbAQLP

exports[`Test drow header should return header 1`] = `
<header>
  
        
  <div
    class="logo"
  >
    
          logo.svg
          
    <h1>
      Floral CSS
    </h1>
    
        
  </div>
  
        
  <div
    class="level"
  >
    
          
    <h2>
      Level 1:
    </h2>
    
          
    <span>
      Test title
    </span>
    
        
  </div>
  
      
  <div
    class="menu"
  >
    <div
      class="line"
    />
  </div>
</header>
`;
